cr6-p548xlarge-20:1896492:1897630 [4] NCCL INFO GPU Direct RDMA Enabled for GPU a8000 / HCA 4 (distance 3 <= 4), read 0
cr6-p548xlarge-20:1896492:1897630 [4] NCCL INFO GPU Direct RDMA Enabled for GPU b9000 / HCA 4 (distance 3 <= 4), read 0
cr6-p548xlarge-20:1896492:1897630 [4] NCCL INFO GPU Direct RDMA Enabled for GPU ca000 / HCA 4 (distance 3 <= 4), read 0
cr6-p548xlarge-20:1896492:1897630 [4] NCCL INFO GPU Direct RDMA Enabled for GPU 53000 / HCA 5 (distance 3 <= 4), read 0
cr6-p548xlarge-20:1896492:1897630 [4] NCCL INFO GPU Direct RDMA Enabled for GPU 64000 / HCA 5 (distance 3 <= 4), read 0
cr6-p548xlarge-20:1896492:1897630 [4] NCCL INFO GPU Direct RDMA Enabled for GPU 75000 / HCA 5 (distance 3 <= 4), read 0
cr6-p548xlarge-20:1896492:1897630 [4] NCCL INFO GPU Direct RDMA Enabled for GPU 86000 / HCA 5 (distance 3 <= 4), read 0
cr6-p548xlarge-20:1896492:1897630 [4] NCCL INFO GPU Direct RDMA Enabled for GPU 97000 / HCA 5 (distance 3 <= 4), read 0
cr6-p548xlarge-20:1896492:1897630 [4] NCCL INFO GPU Direct RDMA Enabled for GPU a8000 / HCA 5 (distance 3 <= 4), read 0
cr6-p548xlarge-20:1896492:1897630 [4] NCCL INFO GPU Direct RDMA Enabled for GPU b9000 / HCA 5 (distance 3 <= 4), read 0
cr6-p548xlarge-20:1896492:1897630 [4] NCCL INFO GPU Direct RDMA Enabled for GPU ca000 / HCA 5 (distance 3 <= 4), read 0
cr6-p548xlarge-20:1896492:1897630 [4] NCCL INFO GPU Direct RDMA Enabled for GPU 53000 / HCA 6 (distance 3 <= 4), read 0
cr6-p548xlarge-20:1896492:1897630 [4] NCCL INFO GPU Direct RDMA Enabled for GPU 64000 / HCA 6 (distance 3 <= 4), read 0
cr6-p548xlarge-20:1896492:1897630 [4] NCCL INFO GPU Direct RDMA Enabled for GPU 75000 / HCA 6 (distance 3 <= 4), read 0
cr6-p548xlarge-20:1896492:1897630 [4] NCCL INFO GPU Direct RDMA Enabled for GPU 86000 / HCA 6 (distance 3 <= 4), read 0
cr6-p548xlarge-20:1896492:1897630 [4] NCCL INFO GPU Direct RDMA Enabled for GPU 97000 / HCA 6 (distance 3 <= 4), read 0
cr6-p548xlarge-20:1896492:1897630 [4] NCCL INFO GPU Direct RDMA Enabled for GPU a8000 / HCA 6 (distance 3 <= 4), read 0
cr6-p548xlarge-20:1896492:1897630 [4] NCCL INFO GPU Direct RDMA Enabled for GPU b9000 / HCA 6 (distance 3 <= 4), read 0
cr6-p548xlarge-20:1896492:1897630 [4] NCCL INFO GPU Direct RDMA Enabled for GPU ca000 / HCA 6 (distance 3 <= 4), read 0
cr6-p548xlarge-20:1896492:1897630 [4] NCCL INFO GPU Direct RDMA Enabled for GPU 53000 / HCA 7 (distance 3 <= 4), read 0
cr6-p548xlarge-20:1896492:1897630 [4] NCCL INFO GPU Direct RDMA Enabled for GPU 64000 / HCA 7 (distance 3 <= 4), read 0
cr6-p548xlarge-20:1896492:1897630 [4] NCCL INFO GPU Direct RDMA Enabled for GPU 75000 / HCA 7 (distance 3 <= 4), read 0
cr6-p548xlarge-20:1896492:1897630 [4] NCCL INFO GPU Direct RDMA Enabled for GPU 86000 / HCA 7 (distance 3 <= 4), read 0
cr6-p548xlarge-20:1896492:1897630 [4] NCCL INFO GPU Direct RDMA Enabled for GPU 97000 / HCA 7 (distance 3 <= 4), read 0
cr6-p548xlarge-20:1896492:1897630 [4] NCCL INFO GPU Direct RDMA Enabled for GPU a8000 / HCA 7 (distance 3 <= 4), read 0
cr6-p548xlarge-20:1896492:1897630 [4] NCCL INFO GPU Direct RDMA Enabled for GPU b9000 / HCA 7 (distance 3 <= 4), read 0
cr6-p548xlarge-20:1896492:1897630 [4] NCCL INFO GPU Direct RDMA Enabled for GPU ca000 / HCA 7 (distance 3 <= 4), read 0
cr6-p548xlarge-20:1896491:1897627 [3] NCCL INFO Setting affinity for GPU 3 to ffffffff,00000000,00000000,ffffffff
cr6-p548xlarge-20:1896491:1897627 [3] NCCL INFO NVLS multicast support is available on dev 3
cr6-p548xlarge-20:1896489:1897631 [1] NCCL INFO GPU Direct RDMA Enabled for GPU 53000 / HCA 0 (distance 3 <= 4), read 0
cr6-p548xlarge-20:1896489:1897631 [1] NCCL INFO GPU Direct RDMA Enabled for GPU 64000 / HCA 0 (distance 3 <= 4), read 0
cr6-p548xlarge-20:1896489:1897631 [1] NCCL INFO GPU Direct RDMA Enabled for GPU 75000 / HCA 0 (distance 3 <= 4), read 0
cr6-p548xlarge-20:1896489:1897631 [1] NCCL INFO GPU Direct RDMA Enabled for GPU 86000 / HCA 0 (distance 3 <= 4), read 0
cr6-p548xlarge-20:1896489:1897631 [1] NCCL INFO GPU Direct RDMA Enabled for GPU 97000 / HCA 0 (distance 3 <= 4), read 0
cr6-p548xlarge-20:1896489:1897631 [1] NCCL INFO GPU Direct RDMA Enabled for GPU a8000 / HCA 0 (distance 3 <= 4), read 0
cr6-p548xlarge-20:1896489:1897631 [1] NCCL INFO GPU Direct RDMA Enabled for GPU b9000 / HCA 0 (distance 3 <= 4), read 0
cr6-p548xlarge-20:1896489:1897631 [1] NCCL INFO GPU Direct RDMA Enabled for GPU ca000 / HCA 0 (distance 3 <= 4), read 0
cr6-p548xlarge-20:1896489:1897631 [1] NCCL INFO GPU Direct RDMA Enabled for GPU 53000 / HCA 1 (distance 3 <= 4), read 0
cr6-p548xlarge-20:1896489:1897631 [1] NCCL INFO GPU Direct RDMA Enabled for GPU 64000 / HCA 1 (distance 3 <= 4), read 0
cr6-p548xlarge-20:1896489:1897631 [1] NCCL INFO GPU Direct RDMA Enabled for GPU 75000 / HCA 1 (distance 3 <= 4), read 0
cr6-p548xlarge-20:1896489:1897631 [1] NCCL INFO GPU Direct RDMA Enabled for GPU 86000 / HCA 1 (distance 3 <= 4), read 0
cr6-p548xlarge-20:1896489:1897631 [1] NCCL INFO GPU Direct RDMA Enabled for GPU 97000 / HCA 1 (distance 3 <= 4), read 0
cr6-p548xlarge-20:1896489:1897631 [1] NCCL INFO GPU Direct RDMA Enabled for GPU a8000 / HCA 1 (distance 3 <= 4), read 0
cr6-p548xlarge-20:1896489:1897631 [1] NCCL INFO GPU Direct RDMA Enabled for GPU b9000 / HCA 1 (distance 3 <= 4), read 0
cr6-p548xlarge-20:1896489:1897631 [1] NCCL INFO GPU Direct RDMA Enabled for GPU ca000 / HCA 1 (distance 3 <= 4), read 0
cr6-p548xlarge-20:1896489:1897631 [1] NCCL INFO GPU Direct RDMA Enabled for GPU 53000 / HCA 2 (distance 3 <= 4), read 0
cr6-p548xlarge-20:1896489:1897631 [1] NCCL INFO GPU Direct RDMA Enabled for GPU 64000 / HCA 2 (distance 3 <= 4), read 0
cr6-p548xlarge-20:1896489:1897631 [1] NCCL INFO GPU Direct RDMA Enabled for GPU 75000 / HCA 2 (distance 3 <= 4), read 0
cr6-p548xlarge-20:1896489:1897631 [1] NCCL INFO GPU Direct RDMA Enabled for GPU 86000 / HCA 2 (distance 3 <= 4), read 0
cr6-p548xlarge-20:1896489:1897631 [1] NCCL INFO GPU Direct RDMA Enabled for GPU 97000 / HCA 2 (distance 3 <= 4), read 0
cr6-p548xlarge-20:1896489:1897631 [1] NCCL INFO GPU Direct RDMA Enabled for GPU a8000 / HCA 2 (distance 3 <= 4), read 0
cr6-p548xlarge-20:1896489:1897631 [1] NCCL INFO GPU Direct RDMA Enabled for GPU b9000 / HCA 2 (distance 3 <= 4), read 0
cr6-p548xlarge-20:1896489:1897631 [1] NCCL INFO GPU Direct RDMA Enabled for GPU ca000 / HCA 2 (distance 3 <= 4), read 0
cr6-p548xlarge-20:1896489:1897631 [1] NCCL INFO GPU Direct RDMA Enabled for GPU 53000 / HCA 3 (distance 3 <= 4), read 0
cr6-p548xlarge-20:1896489:1897631 [1] NCCL INFO GPU Direct RDMA Enabled for GPU 64000 / HCA 3 (distance 3 <= 4), read 0
cr6-p548xlarge-20:1896489:1897631 [1] NCCL INFO GPU Direct RDMA Enabled for GPU 75000 / HCA 3 (distance 3 <= 4), read 0
cr6-p548xlarge-20:1896489:1897631 [1] NCCL INFO GPU Direct RDMA Enabled for GPU 86000 / HCA 3 (distance 3 <= 4), read 0
cr6-p548xlarge-20:1896489:1897631 [1] NCCL INFO GPU Direct RDMA Enabled for GPU 97000 / HCA 3 (distance 3 <= 4), read 0
cr6-p548xlarge-20:1896489:1897631 [1] NCCL INFO GPU Direct RDMA Enabled for GPU a8000 / HCA 3 (distance 3 <= 4), read 0
cr6-p548xlarge-20:1896489:1897631 [1] NCCL INFO GPU Direct RDMA Enabled for GPU b9000 / HCA 3 (distance 3 <= 4), read 0
cr6-p548xlarge-20:1896489:1897631 [1] NCCL INFO GPU Direct RDMA Enabled for GPU ca000 / HCA 3 (distance 3 <= 4), read 0
cr6-p548xlarge-20:1896489:1897631 [1] NCCL INFO GPU Direct RDMA Enabled for GPU 53000 / HCA 4 (distance 3 <= 4), read 0
cr6-p548xlarge-20:1896489:1897631 [1] NCCL INFO GPU Direct RDMA Enabled for GPU 64000 / HCA 4 (distance 3 <= 4), read 0
cr6-p548xlarge-20:1896489:1897631 [1] NCCL INFO GPU Direct RDMA Enabled for GPU 75000 / HCA 4 (distance 3 <= 4), read 0
cr6-p548xlarge-20:1896489:1897631 [1] NCCL INFO GPU Direct RDMA Enabled for GPU 86000 / HCA 4 (distance 3 <= 4), read 0
cr6-p548xlarge-20:1896489:1897631 [1] NCCL INFO GPU Direct RDMA Enabled for GPU 97000 / HCA 4 (distance 3 <= 4), read 0
cr6-p548xlarge-20:1896489:1897631 [1] NCCL INFO GPU Direct RDMA Enabled for GPU a8000 / HCA 4 (distance 3 <= 4), read 0
cr6-p548xlarge-20:1896489:1897631 [1] NCCL INFO GPU Direct RDMA Enabled for GPU b9000 / HCA 4 (distance 3 <= 4), read 0
cr6-p548xlarge-20:1896489:1897631 [1] NCCL INFO GPU Direct RDMA Enabled for GPU ca000 / HCA 4 (distance 3 <= 4), read 0
cr6-p548xlarge-20:1896489:1897631 [1] NCCL INFO GPU Direct RDMA Enabled for GPU 53000 / HCA 5 (distance 3 <= 4), read 0
cr6-p548xlarge-20:1896489:1897631 [1] NCCL INFO GPU Direct RDMA Enabled for GPU 64000 / HCA 5 (distance 3 <= 4), read 0
cr6-p548xlarge-20:1896489:1897631 [1] NCCL INFO GPU Direct RDMA Enabled for GPU 75000 / HCA 5 (distance 3 <= 4), read 0
cr6-p548xlarge-20:1896489:1897631 [1] NCCL INFO GPU Direct RDMA Enabled for GPU 86000 / HCA 5 (distance 3 <= 4), read 0
cr6-p548xlarge-20:1896489:1897631 [1] NCCL INFO GPU Direct RDMA Enabled for GPU 97000 / HCA 5 (distance 3 <= 4), read 0
cr6-p548xlarge-20:1896489:1897631 [1] NCCL INFO GPU Direct RDMA Enabled for GPU a8000 / HCA 5 (distance 3 <= 4), read 0
cr6-p548xlarge-20:1896489:1897631 [1] NCCL INFO GPU Direct RDMA Enabled for GPU b9000 / HCA 5 (distance 3 <= 4), read 0
cr6-p548xlarge-20:1896489:1897631 [1] NCCL INFO GPU Direct RDMA Enabled for GPU ca000 / HCA 5 (distance 3 <= 4), read 0
cr6-p548xlarge-20:1896489:1897631 [1] NCCL INFO GPU Direct RDMA Enabled for GPU 53000 / HCA 6 (distance 3 <= 4), read 0
cr6-p548xlarge-20:1896489:1897631 [1] NCCL INFO GPU Direct RDMA Enabled for GPU 64000 / HCA 6 (distance 3 <= 4), read 0
cr6-p548xlarge-20:1896489:1897631 [1] NCCL INFO GPU Direct RDMA Enabled for GPU 75000 / HCA 6 (distance 3 <= 4), read 0
cr6-p548xlarge-20:1896489:1897631 [1] NCCL INFO GPU Direct RDMA Enabled for GPU 86000 / HCA 6 (distance 3 <= 4), read 0
cr6-p548xlarge-20:1896489:1897631 [1] NCCL INFO GPU Direct RDMA Enabled for GPU 97000 / HCA 6 (distance 3 <= 4), read 0
cr6-p548xlarge-20:1896489:1897631 [1] NCCL INFO GPU Direct RDMA Enabled for GPU a8000 / HCA 6 (distance 3 <= 4), read 0
cr6-p548xlarge-20:1896489:1897631 [1] NCCL INFO GPU Direct RDMA Enabled for GPU b9000 / HCA 6 (distance 3 <= 4), read 0
cr6-p548xlarge-20:1896489:1897631 [1] NCCL INFO GPU Direct RDMA Enabled for GPU ca000 / HCA 6 (distance 3 <= 4), read 0
cr6-p548xlarge-20:1896489:1897631 [1] NCCL INFO GPU Direct RDMA Enabled for GPU 53000 / HCA 7 (distance 3 <= 4), read 0
cr6-p548xlarge-20:1896489:1897631 [1] NCCL INFO GPU Direct RDMA Enabled for GPU 64000 / HCA 7 (distance 3 <= 4), read 0
cr6-p548xlarge-20:1896489:1897631 [1] NCCL INFO GPU Direct RDMA Enabled for GPU 75000 / HCA 7 (distance 3 <= 4), read 0
cr6-p548xlarge-20:1896489:1897631 [1] NCCL INFO GPU Direct RDMA Enabled for GPU 86000 / HCA 7 (distance 3 <= 4), read 0
cr6-p548xlarge-20:1896489:1897631 [1] NCCL INFO GPU Direct RDMA Enabled for GPU 97000 / HCA 7 (distance 3 <= 4), read 0
cr6-p548xlarge-20:1896489:1897631 [1] NCCL INFO GPU Direct RDMA Enabled for GPU a8000 / HCA 7 (distance 3 <= 4), read 0
cr6-p548xlarge-20:1896489:1897631 [1] NCCL INFO GPU Direct RDMA Enabled for GPU b9000 / HCA 7 (distance 3 <= 4), read 0
cr6-p548xlarge-20:1896489:1897631 [1] NCCL INFO GPU Direct RDMA Enabled for GPU ca000 / HCA 7 (distance 3 <= 4), read 0
cr6-p548xlarge-20:1896492:1897630 [4] NCCL INFO NVLS multicast support is available on dev 4
cr6-p548xlarge-20:1896493:1897632 [5] NCCL INFO GPU Direct RDMA Enabled for GPU 53000 / HCA 0 (distance 3 <= 4), read 0
cr6-p548xlarge-20:1896493:1897632 [5] NCCL INFO GPU Direct RDMA Enabled for GPU 64000 / HCA 0 (distance 3 <= 4), read 0
cr6-p548xlarge-20:1896493:1897632 [5] NCCL INFO GPU Direct RDMA Enabled for GPU 75000 / HCA 0 (distance 3 <= 4), read 0
cr6-p548xlarge-20:1896493:1897632 [5] NCCL INFO GPU Direct RDMA Enabled for GPU 86000 / HCA 0 (distance 3 <= 4), read 0
cr6-p548xlarge-20:1896493:1897632 [5] NCCL INFO GPU Direct RDMA Enabled for GPU 97000 / HCA 0 (distance 3 <= 4), read 0
cr6-p548xlarge-20:1896493:1897632 [5] NCCL INFO GPU Direct RDMA Enabled for GPU a8000 / HCA 0 (distance 3 <= 4), read 0
cr6-p548xlarge-20:1896493:1897632 [5] NCCL INFO GPU Direct RDMA Enabled for GPU b9000 / HCA 0 (distance 3 <= 4), read 0
cr6-p548xlarge-20:1896493:1897632 [5] NCCL INFO GPU Direct RDMA Enabled for GPU ca000 / HCA 0 (distance 3 <= 4), read 0
cr6-p548xlarge-20:1896493:1897632 [5] NCCL INFO GPU Direct RDMA Enabled for GPU 53000 / HCA 1 (distance 3 <= 4), read 0
cr6-p548xlarge-20:1896493:1897632 [5] NCCL INFO GPU Direct RDMA Enabled for GPU 64000 / HCA 1 (distance 3 <= 4), read 0
cr6-p548xlarge-20:1896493:1897632 [5] NCCL INFO GPU Direct RDMA Enabled for GPU 75000 / HCA 1 (distance 3 <= 4), read 0
cr6-p548xlarge-20:1896493:1897632 [5] NCCL INFO GPU Direct RDMA Enabled for GPU 86000 / HCA 1 (distance 3 <= 4), read 0
cr6-p548xlarge-20:1896493:1897632 [5] NCCL INFO GPU Direct RDMA Enabled for GPU 97000 / HCA 1 (distance 3 <= 4), read 0
cr6-p548xlarge-20:1896493:1897632 [5] NCCL INFO GPU Direct RDMA Enabled for GPU a8000 / HCA 1 (distance 3 <= 4), read 0
cr6-p548xlarge-20:1896493:1897632 [5] NCCL INFO GPU Direct RDMA Enabled for GPU b9000 / HCA 1 (distance 3 <= 4), read 0
cr6-p548xlarge-20:1896493:1897632 [5] NCCL INFO GPU Direct RDMA Enabled for GPU ca000 / HCA 1 (distance 3 <= 4), read 0
cr6-p548xlarge-20:1896493:1897632 [5] NCCL INFO GPU Direct RDMA Enabled for GPU 53000 / HCA 2 (distance 3 <= 4), read 0
cr6-p548xlarge-20:1896493:1897632 [5] NCCL INFO GPU Direct RDMA Enabled for GPU 64000 / HCA 2 (distance 3 <= 4), read 0
cr6-p548xlarge-20:1896493:1897632 [5] NCCL INFO GPU Direct RDMA Enabled for GPU 75000 / HCA 2 (distance 3 <= 4), read 0
cr6-p548xlarge-20:1896493:1897632 [5] NCCL INFO GPU Direct RDMA Enabled for GPU 86000 / HCA 2 (distance 3 <= 4), read 0
cr6-p548xlarge-20:1896493:1897632 [5] NCCL INFO GPU Direct RDMA Enabled for GPU 97000 / HCA 2 (distance 3 <= 4), read 0
cr6-p548xlarge-20:1896493:1897632 [5] NCCL INFO GPU Direct RDMA Enabled for GPU a8000 / HCA 2 (distance 3 <= 4), read 0
cr6-p548xlarge-20:1896493:1897632 [5] NCCL INFO GPU Direct RDMA Enabled for GPU b9000 / HCA 2 (distance 3 <= 4), read 0
cr6-p548xlarge-20:1896493:1897632 [5] NCCL INFO GPU Direct RDMA Enabled for GPU ca000 / HCA 2 (distance 3 <= 4), read 0
cr6-p548xlarge-20:1896493:1897632 [5] NCCL INFO GPU Direct RDMA Enabled for GPU 53000 / HCA 3 (distance 3 <= 4), read 0
cr6-p548xlarge-20:1896493:1897632 [5] NCCL INFO GPU Direct RDMA Enabled for GPU 64000 / HCA 3 (distance 3 <= 4), read 0
cr6-p548xlarge-20:1896493:1897632 [5] NCCL INFO GPU Direct RDMA Enabled for GPU 75000 / HCA 3 (distance 3 <= 4), read 0
cr6-p548xlarge-20:1896493:1897632 [5] NCCL INFO GPU Direct RDMA Enabled for GPU 86000 / HCA 3 (distance 3 <= 4), read 0
cr6-p548xlarge-20:1896493:1897632 [5] NCCL INFO GPU Direct RDMA Enabled for GPU 97000 / HCA 3 (distance 3 <= 4), read 0
cr6-p548xlarge-20:1896493:1897632 [5] NCCL INFO GPU Direct RDMA Enabled for GPU a8000 / HCA 3 (distance 3 <= 4), read 0
cr6-p548xlarge-20:1896493:1897632 [5] NCCL INFO GPU Direct RDMA Enabled for GPU b9000 / HCA 3 (distance 3 <= 4), read 0
cr6-p548xlarge-20:1896493:1897632 [5] NCCL INFO GPU Direct RDMA Enabled for GPU ca000 / HCA 3 (distance 3 <= 4), read 0
cr6-p548xlarge-20:1896493:1897632 [5] NCCL INFO GPU Direct RDMA Enabled for GPU 53000 / HCA 4 (distance 3 <= 4), read 0
cr6-p548xlarge-20:1896493:1897632 [5] NCCL INFO GPU Direct RDMA Enabled for GPU 64000 / HCA 4 (distance 3 <= 4), read 0
cr6-p548xlarge-20:1896493:1897632 [5] NCCL INFO GPU Direct RDMA Enabled for GPU 75000 / HCA 4 (distance 3 <= 4), read 0
cr6-p548xlarge-20:1896493:1897632 [5] NCCL INFO GPU Direct RDMA Enabled for GPU 86000 / HCA 4 (distance 3 <= 4), read 0
cr6-p548xlarge-20:1896493:1897632 [5] NCCL INFO GPU Direct RDMA Enabled for GPU 97000 / HCA 4 (distance 3 <= 4), read 0
cr6-p548xlarge-20:1896493:1897632 [5] NCCL INFO GPU Direct RDMA Enabled for GPU a8000 / HCA 4 (distance 3 <= 4), read 0
cr6-p548xlarge-20:1896493:1897632 [5] NCCL INFO GPU Direct RDMA Enabled for GPU b9000 / HCA 4 (distance 3 <= 4), read 0
cr6-p548xlarge-20:1896493:1897632 [5] NCCL INFO GPU Direct RDMA Enabled for GPU ca000 / HCA 4 (distance 3 <= 4), read 0
cr6-p548xlarge-20:1896493:1897632 [5] NCCL INFO GPU Direct RDMA Enabled for GPU 53000 / HCA 5 (distance 3 <= 4), read 0
cr6-p548xlarge-20:1896493:1897632 [5] NCCL INFO GPU Direct RDMA Enabled for GPU 64000 / HCA 5 (distance 3 <= 4), read 0
cr6-p548xlarge-20:1896493:1897632 [5] NCCL INFO GPU Direct RDMA Enabled for GPU 75000 / HCA 5 (distance 3 <= 4), read 0
cr6-p548xlarge-20:1896493:1897632 [5] NCCL INFO GPU Direct RDMA Enabled for GPU 86000 / HCA 5 (distance 3 <= 4), read 0
cr6-p548xlarge-20:1896493:1897632 [5] NCCL INFO GPU Direct RDMA Enabled for GPU 97000 / HCA 5 (distance 3 <= 4), read 0
cr6-p548xlarge-20:1896493:1897632 [5] NCCL INFO GPU Direct RDMA Enabled for GPU a8000 / HCA 5 (distance 3 <= 4), read 0
cr6-p548xlarge-20:1896493:1897632 [5] NCCL INFO GPU Direct RDMA Enabled for GPU b9000 / HCA 5 (distance 3 <= 4), read 0
cr6-p548xlarge-20:1896493:1897632 [5] NCCL INFO GPU Direct RDMA Enabled for GPU ca000 / HCA 5 (distance 3 <= 4), read 0
cr6-p548xlarge-20:1896493:1897632 [5] NCCL INFO GPU Direct RDMA Enabled for GPU 53000 / HCA 6 (distance 3 <= 4), read 0
cr6-p548xlarge-20:1896493:1897632 [5] NCCL INFO GPU Direct RDMA Enabled for GPU 64000 / HCA 6 (distance 3 <= 4), read 0
cr6-p548xlarge-20:1896493:1897632 [5] NCCL INFO GPU Direct RDMA Enabled for GPU 75000 / HCA 6 (distance 3 <= 4), read 0
cr6-p548xlarge-20:1896493:1897632 [5] NCCL INFO GPU Direct RDMA Enabled for GPU 86000 / HCA 6 (distance 3 <= 4), read 0
cr6-p548xlarge-20:1896493:1897632 [5] NCCL INFO GPU Direct RDMA Enabled for GPU 97000 / HCA 6 (distance 3 <= 4), read 0
cr6-p548xlarge-20:1896493:1897632 [5] NCCL INFO GPU Direct RDMA Enabled for GPU a8000 / HCA 6 (distance 3 <= 4), read 0
cr6-p548xlarge-20:1896493:1897632 [5] NCCL INFO GPU Direct RDMA Enabled for GPU b9000 / HCA 6 (distance 3 <= 4), read 0
cr6-p548xlarge-20:1896493:1897632 [5] NCCL INFO GPU Direct RDMA Enabled for GPU ca000 / HCA 6 (distance 3 <= 4), read 0
cr6-p548xlarge-20:1896493:1897632 [5] NCCL INFO GPU Direct RDMA Enabled for GPU 53000 / HCA 7 (distance 3 <= 4), read 0
cr6-p548xlarge-20:1896493:1897632 [5] NCCL INFO GPU Direct RDMA Enabled for GPU 64000 / HCA 7 (distance 3 <= 4), read 0
cr6-p548xlarge-20:1896493:1897632 [5] NCCL INFO GPU Direct RDMA Enabled for GPU 75000 / HCA 7 (distance 3 <= 4), read 0
cr6-p548xlarge-20:1896493:1897632 [5] NCCL INFO GPU Direct RDMA Enabled for GPU 86000 / HCA 7 (distance 3 <= 4), read 0
cr6-p548xlarge-20:1896493:1897632 [5] NCCL INFO GPU Direct RDMA Enabled for GPU 97000 / HCA 7 (distance 3 <= 4), read 0
cr6-p548xlarge-20:1896493:1897632 [5] NCCL INFO GPU Direct RDMA Enabled for GPU a8000 / HCA 7 (distance 3 <= 4), read 0
cr6-p548xlarge-20:1896493:1897632 [5] NCCL INFO GPU Direct RDMA Enabled for GPU b9000 / HCA 7 (distance 3 <= 4), read 0
cr6-p548xlarge-20:1896493:1897632 [5] NCCL INFO GPU Direct RDMA Enabled for GPU ca000 / HCA 7 (distance 3 <= 4), read 0
cr6-p548xlarge-20:1896489:1897631 [1] NCCL INFO Setting affinity for GPU 1 to ffffffff,00000000,00000000,ffffffff
cr6-p548xlarge-20:1896489:1897631 [1] NCCL INFO NVLS multicast support is available on dev 1
cr6-p548xlarge-20:1896493:1897632 [5] NCCL INFO NVLS multicast support is available on dev 5
cr6-p548xlarge-20:1896495:1897628 [7] NCCL INFO comm 0x62eeb4d96db0 rank 7 nRanks 8 nNodes 1 localRanks 8 localRank 7 MNNVL 0
cr6-p548xlarge-20:1896494:1897633 [6] NCCL INFO comm 0x5e26666a0260 rank 6 nRanks 8 nNodes 1 localRanks 8 localRank 6 MNNVL 0
cr6-p548xlarge-20:1896493:1897632 [5] NCCL INFO comm 0x59c673972a50 rank 5 nRanks 8 nNodes 1 localRanks 8 localRank 5 MNNVL 0
cr6-p548xlarge-20:1896492:1897630 [4] NCCL INFO comm 0x59d536b4eb20 rank 4 nRanks 8 nNodes 1 localRanks 8 localRank 4 MNNVL 0
cr6-p548xlarge-20:1896495:1897628 [7] NCCL INFO Trees [0] -1/-1/-1->7->6 [1] -1/-1/-1->7->6 [2] -1/-1/-1->7->6 [3] -1/-1/-1->7->6 [4] -1/-1/-1->7->6 [5] -1/-1/-1->7->6 [6] -1/-1/-1->7->6 [7] -1/-1/-1->7->6 [8] -1/-1/-1->7->6 [9] -1/-1/-1->7->6 [10] -1/-1/-1->7->6 [11] -1/-1/-1->7->6 [12] -1/-1/-1->7->6 [13] -1/-1/-1->7->6 [14] -1/-1/-1->7->6 [15] -1/-1/-1->7->6 [16] -1/-1/-1->7->6 [17] -1/-1/-1->7->6 [18] -1/-1/-1->7->6 [19] -1/-1/-1->7->6 [20] -1/-1/-1->7->6 [21] -1/-1/-1->7->6 [22] -1/-1/-1->7->6 [23] -1/-1/-1->7->6
cr6-p548xlarge-20:1896491:1897627 [3] NCCL INFO comm 0x62063a97f190 rank 3 nRanks 8 nNodes 1 localRanks 8 localRank 3 MNNVL 0
cr6-p548xlarge-20:1896495:1897628 [7] NCCL INFO P2P Chunksize set to 524288
cr6-p548xlarge-20:1896490:1897629 [2] NCCL INFO comm 0x613ef4ad2120 rank 2 nRanks 8 nNodes 1 localRanks 8 localRank 2 MNNVL 0
cr6-p548xlarge-20:1896494:1897633 [6] NCCL INFO Trees [0] 7/-1/-1->6->5 [1] 7/-1/-1->6->5 [2] 7/-1/-1->6->5 [3] 7/-1/-1->6->5 [4] 7/-1/-1->6->5 [5] 7/-1/-1->6->5 [6] 7/-1/-1->6->5 [7] 7/-1/-1->6->5 [8] 7/-1/-1->6->5 [9] 7/-1/-1->6->5 [10] 7/-1/-1->6->5 [11] 7/-1/-1->6->5 [12] 7/-1/-1->6->5 [13] 7/-1/-1->6->5 [14] 7/-1/-1->6->5 [15] 7/-1/-1->6->5 [16] 7/-1/-1->6->5 [17] 7/-1/-1->6->5 [18] 7/-1/-1->6->5 [19] 7/-1/-1->6->5 [20] 7/-1/-1->6->5 [21] 7/-1/-1->6->5 [22] 7/-1/-1->6->5 [23] 7/-1/-1->6->5
cr6-p548xlarge-20:1896494:1897633 [6] NCCL INFO P2P Chunksize set to 524288
cr6-p548xlarge-20:1896489:1897631 [1] NCCL INFO comm 0x5d6a69a165d0 rank 1 nRanks 8 nNodes 1 localRanks 8 localRank 1 MNNVL 0
cr6-p548xlarge-20:1896493:1897632 [5] NCCL INFO Trees [0] 6/-1/-1->5->4 [1] 6/-1/-1->5->4 [2] 6/-1/-1->5->4 [3] 6/-1/-1->5->4 [4] 6/-1/-1->5->4 [5] 6/-1/-1->5->4 [6] 6/-1/-1->5->4 [7] 6/-1/-1->5->4 [8] 6/-1/-1->5->4 [9] 6/-1/-1->5->4 [10] 6/-1/-1->5->4 [11] 6/-1/-1->5->4 [12] 6/-1/-1->5->4 [13] 6/-1/-1->5->4 [14] 6/-1/-1->5->4 [15] 6/-1/-1->5->4 [16] 6/-1/-1->5->4 [17] 6/-1/-1->5->4 [18] 6/-1/-1->5->4 [19] 6/-1/-1->5->4 [20] 6/-1/-1->5->4 [21] 6/-1/-1->5->4 [22] 6/-1/-1->5->4 [23] 6/-1/-1->5->4
cr6-p548xlarge-20:1896493:1897632 [5] NCCL INFO P2P Chunksize set to 524288
cr6-p548xlarge-20:1896492:1897630 [4] NCCL INFO Trees [0] 5/-1/-1->4->3 [1] 5/-1/-1->4->3 [2] 5/-1/-1->4->3 [3] 5/-1/-1->4->3 [4] 5/-1/-1->4->3 [5] 5/-1/-1->4->3 [6] 5/-1/-1->4->3 [7] 5/-1/-1->4->3 [8] 5/-1/-1->4->3 [9] 5/-1/-1->4->3 [10] 5/-1/-1->4->3 [11] 5/-1/-1->4->3 [12] 5/-1/-1->4->3 [13] 5/-1/-1->4->3 [14] 5/-1/-1->4->3 [15] 5/-1/-1->4->3 [16] 5/-1/-1->4->3 [17] 5/-1/-1->4->3 [18] 5/-1/-1->4->3 [19] 5/-1/-1->4->3 [20] 5/-1/-1->4->3 [21] 5/-1/-1->4->3 [22] 5/-1/-1->4->3 [23] 5/-1/-1->4->3
cr6-p548xlarge-20:1896492:1897630 [4] NCCL INFO P2P Chunksize set to 524288
cr6-p548xlarge-20:1896488:1897626 [0] NCCL INFO comm 0x56190037f000 rank 0 nRanks 8 nNodes 1 localRanks 8 localRank 0 MNNVL 0
cr6-p548xlarge-20:1896488:1897626 [0] NCCL INFO Channel 00/24 :    0   1   2   3   4   5   6   7
cr6-p548xlarge-20:1896491:1897627 [3] NCCL INFO Trees [0] 4/-1/-1->3->2 [1] 4/-1/-1->3->2 [2] 4/-1/-1->3->2 [3] 4/-1/-1->3->2 [4] 4/-1/-1->3->2 [5] 4/-1/-1->3->2 [6] 4/-1/-1->3->2 [7] 4/-1/-1->3->2 [8] 4/-1/-1->3->2 [9] 4/-1/-1->3->2 [10] 4/-1/-1->3->2 [11] 4/-1/-1->3->2 [12] 4/-1/-1->3->2 [13] 4/-1/-1->3->2 [14] 4/-1/-1->3->2 [15] 4/-1/-1->3->2 [16] 4/-1/-1->3->2 [17] 4/-1/-1->3->2 [18] 4/-1/-1->3->2 [19] 4/-1/-1->3->2 [20] 4/-1/-1->3->2 [21] 4/-1/-1->3->2 [22] 4/-1/-1->3->2 [23] 4/-1/-1->3->2
cr6-p548xlarge-20:1896488:1897626 [0] NCCL INFO Channel 01/24 :    0   1   2   3   4   5   6   7
cr6-p548xlarge-20:1896491:1897627 [3] NCCL INFO P2P Chunksize set to 524288
cr6-p548xlarge-20:1896490:1897629 [2] NCCL INFO Trees [0] 3/-1/-1->2->1 [1] 3/-1/-1->2->1 [2] 3/-1/-1->2->1 [3] 3/-1/-1->2->1 [4] 3/-1/-1->2->1 [5] 3/-1/-1->2->1 [6] 3/-1/-1->2->1 [7] 3/-1/-1->2->1 [8] 3/-1/-1->2->1 [9] 3/-1/-1->2->1 [10] 3/-1/-1->2->1 [11] 3/-1/-1->2->1 [12] 3/-1/-1->2->1 [13] 3/-1/-1->2->1 [14] 3/-1/-1->2->1 [15] 3/-1/-1->2->1 [16] 3/-1/-1->2->1 [17] 3/-1/-1->2->1 [18] 3/-1/-1->2->1 [19] 3/-1/-1->2->1 [20] 3/-1/-1->2->1 [21] 3/-1/-1->2->1 [22] 3/-1/-1->2->1 [23] 3/-1/-1->2->1
cr6-p548xlarge-20:1896488:1897626 [0] NCCL INFO Channel 02/24 :    0   1   2   3   4   5   6   7
cr6-p548xlarge-20:1896488:1897626 [0] NCCL INFO Channel 03/24 :    0   1   2   3   4   5   6   7
cr6-p548xlarge-20:1896490:1897629 [2] NCCL INFO P2P Chunksize set to 524288
cr6-p548xlarge-20:1896488:1897626 [0] NCCL INFO Channel 04/24 :    0   1   2   3   4   5   6   7
cr6-p548xlarge-20:1896488:1897626 [0] NCCL INFO Channel 05/24 :    0   1   2   3   4   5   6   7
cr6-p548xlarge-20:1896488:1897626 [0] NCCL INFO Channel 06/24 :    0   1   2   3   4   5   6   7
cr6-p548xlarge-20:1896488:1897626 [0] NCCL INFO Channel 07/24 :    0   1   2   3   4   5   6   7
cr6-p548xlarge-20:1896488:1897626 [0] NCCL INFO Channel 08/24 :    0   1   2   3   4   5   6   7
cr6-p548xlarge-20:1896488:1897626 [0] NCCL INFO Channel 09/24 :    0   1   2   3   4   5   6   7
cr6-p548xlarge-20:1896488:1897626 [0] NCCL INFO Channel 10/24 :    0   1   2   3   4   5   6   7
cr6-p548xlarge-20:1896489:1897631 [1] NCCL INFO Trees [0] 2/-1/-1->1->0 [1] 2/-1/-1->1->0 [2] 2/-1/-1->1->0 [3] 2/-1/-1->1->0 [4] 2/-1/-1->1->0 [5] 2/-1/-1->1->0 [6] 2/-1/-1->1->0 [7] 2/-1/-1->1->0 [8] 2/-1/-1->1->0 [9] 2/-1/-1->1->0 [10] 2/-1/-1->1->0 [11] 2/-1/-1->1->0 [12] 2/-1/-1->1->0 [13] 2/-1/-1->1->0 [14] 2/-1/-1->1->0 [15] 2/-1/-1->1->0 [16] 2/-1/-1->1->0 [17] 2/-1/-1->1->0 [18] 2/-1/-1->1->0 [19] 2/-1/-1->1->0 [20] 2/-1/-1->1->0 [21] 2/-1/-1->1->0 [22] 2/-1/-1->1->0 [23] 2/-1/-1->1->0
cr6-p548xlarge-20:1896489:1897631 [1] NCCL INFO P2P Chunksize set to 524288
cr6-p548xlarge-20:1896488:1897626 [0] NCCL INFO Channel 11/24 :    0   1   2   3   4   5   6   7
cr6-p548xlarge-20:1896488:1897626 [0] NCCL INFO Channel 12/24 :    0   1   2   3   4   5   6   7
cr6-p548xlarge-20:1896488:1897626 [0] NCCL INFO Channel 13/24 :    0   1   2   3   4   5   6   7
cr6-p548xlarge-20:1896488:1897626 [0] NCCL INFO Channel 14/24 :    0   1   2   3   4   5   6   7
cr6-p548xlarge-20:1896488:1897626 [0] NCCL INFO Channel 15/24 :    0   1   2   3   4   5   6   7
cr6-p548xlarge-20:1896488:1897626 [0] NCCL INFO Channel 16/24 :    0   1   2   3   4   5   6   7
cr6-p548xlarge-20:1896488:1897626 [0] NCCL INFO Channel 17/24 :    0   1   2   3   4   5   6   7
cr6-p548xlarge-20:1896488:1897626 [0] NCCL INFO Channel 18/24 :    0   1   2   3   4   5   6   7
cr6-p548xlarge-20:1896488:1897626 [0] NCCL INFO Channel 19/24 :    0   1   2   3   4   5   6   7
cr6-p548xlarge-20:1896488:1897626 [0] NCCL INFO Channel 20/24 :    0   1   2   3   4   5   6   7
cr6-p548xlarge-20:1896488:1897626 [0] NCCL INFO Channel 21/24 :    0   1   2   3   4   5   6   7
cr6-p548xlarge-20:1896488:1897626 [0] NCCL INFO Channel 22/24 :    0   1   2   3   4   5   6   7
cr6-p548xlarge-20:1896488:1897626 [0] NCCL INFO Channel 23/24 :    0   1   2   3   4   5   6   7
cr6-p548xlarge-20:1896488:1897626 [0] NCCL INFO Trees [0] 1/-1/-1->0->-1 [1] 1/-1/-1->0->-1 [2] 1/-1/-1->0->-1 [3] 1/-1/-1->0->-1 [4] 1/-1/-1->0->-1 [5] 1/-1/-1->0->-1 [6] 1/-1/-1->0->-1 [7] 1/-1/-1->0->-1 [8] 1/-1/-1->0->-1 [9] 1/-1/-1->0->-1 [10] 1/-1/-1->0->-1 [11] 1/-1/-1->0->-1 [12] 1/-1/-1->0->-1 [13] 1/-1/-1->0->-1 [14] 1/-1/-1->0->-1 [15] 1/-1/-1->0->-1 [16] 1/-1/-1->0->-1 [17] 1/-1/-1->0->-1 [18] 1/-1/-1->0->-1 [19] 1/-1/-1->0->-1 [20] 1/-1/-1->0->-1 [21] 1/-1/-1->0->-1 [22] 1/-1/-1->0->-1 [23] 1/-1/-1->0->-1
cr6-p548xlarge-20:1896488:1897626 [0] NCCL INFO P2P Chunksize set to 524288
cr6-p548xlarge-20:1896495:1897647 [7] NCCL INFO New proxy recv connection 0 from local rank 7, transport 0
cr6-p548xlarge-20:1896490:1897653 [2] NCCL INFO New proxy recv connection 0 from local rank 2, transport 0
cr6-p548xlarge-20:1896494:1897648 [6] NCCL INFO New proxy recv connection 0 from local rank 6, transport 0
cr6-p548xlarge-20:1896495:1897628 [7] NCCL INFO Connected to proxy localRank 7 -> connection 0x749f1c004f40
cr6-p548xlarge-20:1896492:1897650 [4] NCCL INFO New proxy recv connection 0 from local rank 4, transport 0
cr6-p548xlarge-20:1896490:1897629 [2] NCCL INFO Connected to proxy localRank 2 -> connection 0x7ed528004f40
cr6-p548xlarge-20:1896494:1897633 [6] NCCL INFO Connected to proxy localRank 6 -> connection 0x7815f0004f40
cr6-p548xlarge-20:1896492:1897630 [4] NCCL INFO Connected to proxy localRank 4 -> connection 0x7e56ec004f40
cr6-p548xlarge-20:1896491:1897657 [3] NCCL INFO New proxy recv connection 0 from local rank 3, transport 0
cr6-p548xlarge-20:1896489:1897654 [1] NCCL INFO New proxy recv connection 0 from local rank 1, transport 0
cr6-p548xlarge-20:1896491:1897627 [3] NCCL INFO Connected to proxy localRank 3 -> connection 0x774e6c004f40
cr6-p548xlarge-20:1896489:1897631 [1] NCCL INFO Connected to proxy localRank 1 -> connection 0x7a9480004f40
cr6-p548xlarge-20:1896494:1897648 [6] NCCL INFO New proxy recv connection 1 from local rank 6, transport 0
cr6-p548xlarge-20:1896494:1897633 [6] NCCL INFO Connected to proxy localRank 6 -> connection 0x7815f0004fb8
cr6-p548xlarge-20:1896495:1897647 [7] NCCL INFO New proxy recv connection 1 from local rank 7, transport 0
cr6-p548xlarge-20:1896495:1897628 [7] NCCL INFO Connected to proxy localRank 7 -> connection 0x749f1c004fb8
cr6-p548xlarge-20:1896490:1897653 [2] NCCL INFO New proxy recv connection 1 from local rank 2, transport 0
cr6-p548xlarge-20:1896490:1897629 [2] NCCL INFO Connected to proxy localRank 2 -> connection 0x7ed528004fb8
cr6-p548xlarge-20:1896492:1897650 [4] NCCL INFO New proxy recv connection 1 from local rank 4, transport 0
cr6-p548xlarge-20:1896492:1897630 [4] NCCL INFO Connected to proxy localRank 4 -> connection 0x7e56ec004fb8
cr6-p548xlarge-20:1896489:1897654 [1] NCCL INFO New proxy recv connection 1 from local rank 1, transport 0
cr6-p548xlarge-20:1896489:1897631 [1] NCCL INFO Connected to proxy localRank 1 -> connection 0x7a9480004fb8
cr6-p548xlarge-20:1896494:1897648 [6] NCCL INFO New proxy recv connection 2 from local rank 6, transport 0
cr6-p548xlarge-20:1896494:1897633 [6] NCCL INFO Connected to proxy localRank 6 -> connection 0x7815f0005030
cr6-p548xlarge-20:1896495:1897647 [7] NCCL INFO New proxy recv connection 2 from local rank 7, transport 0
cr6-p548xlarge-20:1896495:1897628 [7] NCCL INFO Connected to proxy localRank 7 -> connection 0x749f1c005030
cr6-p548xlarge-20:1896490:1897653 [2] NCCL INFO New proxy recv connection 2 from local rank 2, transport 0
cr6-p548xlarge-20:1896490:1897629 [2] NCCL INFO Connected to proxy localRank 2 -> connection 0x7ed528005030
cr6-p548xlarge-20:1896492:1897650 [4] NCCL INFO New proxy recv connection 2 from local rank 4, transport 0
cr6-p548xlarge-20:1896492:1897630 [4] NCCL INFO Connected to proxy localRank 4 -> connection 0x7e56ec005030
cr6-p548xlarge-20:1896489:1897654 [1] NCCL INFO New proxy recv connection 2 from local rank 1, transport 0
cr6-p548xlarge-20:1896489:1897631 [1] NCCL INFO Connected to proxy localRank 1 -> connection 0x7a9480005030
cr6-p548xlarge-20:1896494:1897648 [6] NCCL INFO New proxy recv connection 3 from local rank 6, transport 0
cr6-p548xlarge-20:1896494:1897633 [6] NCCL INFO Connected to proxy localRank 6 -> connection 0x7815f00050a8
cr6-p548xlarge-20:1896495:1897647 [7] NCCL INFO New proxy recv connection 3 from local rank 7, transport 0
cr6-p548xlarge-20:1896495:1897628 [7] NCCL INFO Connected to proxy localRank 7 -> connection 0x749f1c0050a8
cr6-p548xlarge-20:1896490:1897653 [2] NCCL INFO New proxy recv connection 3 from local rank 2, transport 0
cr6-p548xlarge-20:1896490:1897629 [2] NCCL INFO Connected to proxy localRank 2 -> connection 0x7ed5280050a8
cr6-p548xlarge-20:1896492:1897650 [4] NCCL INFO New proxy recv connection 3 from local rank 4, transport 0
cr6-p548xlarge-20:1896492:1897630 [4] NCCL INFO Connected to proxy localRank 4 -> connection 0x7e56ec0050a8
cr6-p548xlarge-20:1896489:1897654 [1] NCCL INFO New proxy recv connection 3 from local rank 1, transport 0
cr6-p548xlarge-20:1896489:1897631 [1] NCCL INFO Connected to proxy localRank 1 -> connection 0x7a94800050a8
cr6-p548xlarge-20:1896494:1897648 [6] NCCL INFO New proxy recv connection 4 from local rank 6, transport 0
cr6-p548xlarge-20:1896494:1897633 [6] NCCL INFO Connected to proxy localRank 6 -> connection 0x7815f0005120
cr6-p548xlarge-20:1896495:1897647 [7] NCCL INFO New proxy recv connection 4 from local rank 7, transport 0
cr6-p548xlarge-20:1896495:1897628 [7] NCCL INFO Connected to proxy localRank 7 -> connection 0x749f1c005120
cr6-p548xlarge-20:1896490:1897653 [2] NCCL INFO New proxy recv connection 4 from local rank 2, transport 0
cr6-p548xlarge-20:1896490:1897629 [2] NCCL INFO Connected to proxy localRank 2 -> connection 0x7ed528005120
cr6-p548xlarge-20:1896492:1897650 [4] NCCL INFO New proxy recv connection 4 from local rank 4, transport 0
cr6-p548xlarge-20:1896492:1897630 [4] NCCL INFO Connected to proxy localRank 4 -> connection 0x7e56ec005120
cr6-p548xlarge-20:1896489:1897654 [1] NCCL INFO New proxy recv connection 4 from local rank 1, transport 0
cr6-p548xlarge-20:1896489:1897631 [1] NCCL INFO Connected to proxy localRank 1 -> connection 0x7a9480005120
cr6-p548xlarge-20:1896494:1897648 [6] NCCL INFO New proxy recv connection 5 from local rank 6, transport 0
cr6-p548xlarge-20:1896494:1897633 [6] NCCL INFO Connected to proxy localRank 6 -> connection 0x7815f0005198
cr6-p548xlarge-20:1896495:1897647 [7] NCCL INFO New proxy recv connection 5 from local rank 7, transport 0
cr6-p548xlarge-20:1896495:1897628 [7] NCCL INFO Connected to proxy localRank 7 -> connection 0x749f1c005198
cr6-p548xlarge-20:1896490:1897653 [2] NCCL INFO New proxy recv connection 5 from local rank 2, transport 0
cr6-p548xlarge-20:1896490:1897629 [2] NCCL INFO Connected to proxy localRank 2 -> connection 0x7ed528005198
cr6-p548xlarge-20:1896492:1897650 [4] NCCL INFO New proxy recv connection 5 from local rank 4, transport 0
cr6-p548xlarge-20:1896492:1897630 [4] NCCL INFO Connected to proxy localRank 4 -> connection 0x7e56ec005198
cr6-p548xlarge-20:1896489:1897654 [1] NCCL INFO New proxy recv connection 5 from local rank 1, transport 0
cr6-p548xlarge-20:1896489:1897631 [1] NCCL INFO Connected to proxy localRank 1 -> connection 0x7a9480005198
cr6-p548xlarge-20:1896494:1897648 [6] NCCL INFO New proxy recv connection 6 from local rank 6, transport 0
cr6-p548xlarge-20:1896494:1897633 [6] NCCL INFO Connected to proxy localRank 6 -> connection 0x7815f0005210
cr6-p548xlarge-20:1896495:1897647 [7] NCCL INFO New proxy recv connection 6 from local rank 7, transport 0
cr6-p548xlarge-20:1896495:1897628 [7] NCCL INFO Connected to proxy localRank 7 -> connection 0x749f1c005210
cr6-p548xlarge-20:1896491:1897657 [3] NCCL INFO New proxy recv connection 1 from local rank 3, transport 0
cr6-p548xlarge-20:1896491:1897627 [3] NCCL INFO Connected to proxy localRank 3 -> connection 0x774e6c004fb8
cr6-p548xlarge-20:1896490:1897653 [2] NCCL INFO New proxy recv connection 6 from local rank 2, transport 0
cr6-p548xlarge-20:1896490:1897629 [2] NCCL INFO Connected to proxy localRank 2 -> connection 0x7ed528005210
cr6-p548xlarge-20:1896492:1897650 [4] NCCL INFO New proxy recv connection 6 from local rank 4, transport 0
cr6-p548xlarge-20:1896492:1897630 [4] NCCL INFO Connected to proxy localRank 4 -> connection 0x7e56ec005210
cr6-p548xlarge-20:1896489:1897654 [1] NCCL INFO New proxy recv connection 6 from local rank 1, transport 0
cr6-p548xlarge-20:1896489:1897631 [1] NCCL INFO Connected to proxy localRank 1 -> connection 0x7a9480005210
cr6-p548xlarge-20:1896494:1897648 [6] NCCL INFO New proxy recv connection 7 from local rank 6, transport 0
cr6-p548xlarge-20:1896494:1897633 [6] NCCL INFO Connected to proxy localRank 6 -> connection 0x7815f0005288
cr6-p548xlarge-20:1896495:1897647 [7] NCCL INFO New proxy recv connection 7 from local rank 7, transport 0
cr6-p548xlarge-20:1896495:1897628 [7] NCCL INFO Connected to proxy localRank 7 -> connection 0x749f1c005288
cr6-p548xlarge-20:1896491:1897657 [3] NCCL INFO New proxy recv connection 2 from local rank 3, transport 0
cr6-p548xlarge-20:1896491:1897627 [3] NCCL INFO Connected to proxy localRank 3 -> connection 0x774e6c005030
cr6-p548xlarge-20:1896490:1897653 [2] NCCL INFO New proxy recv connection 7 from local rank 2, transport 0
cr6-p548xlarge-20:1896490:1897629 [2] NCCL INFO Connected to proxy localRank 2 -> connection 0x7ed528005288
cr6-p548xlarge-20:1896492:1897650 [4] NCCL INFO New proxy recv connection 7 from local rank 4, transport 0
cr6-p548xlarge-20:1896492:1897630 [4] NCCL INFO Connected to proxy localRank 4 -> connection 0x7e56ec005288
cr6-p548xlarge-20:1896489:1897654 [1] NCCL INFO New proxy recv connection 7 from local rank 1, transport 0
cr6-p548xlarge-20:1896489:1897631 [1] NCCL INFO Connected to proxy localRank 1 -> connection 0x7a9480005288
cr6-p548xlarge-20:1896494:1897648 [6] NCCL INFO New proxy recv connection 8 from local rank 6, transport 0
cr6-p548xlarge-20:1896494:1897633 [6] NCCL INFO Connected to proxy localRank 6 -> connection 0x7815f0005300
cr6-p548xlarge-20:1896488:1897659 [0] NCCL INFO New proxy recv connection 0 from local rank 0, transport 0
cr6-p548xlarge-20:1896488:1897626 [0] NCCL INFO Connected to proxy localRank 0 -> connection 0x7251880141e0
cr6-p548xlarge-20:1896495:1897647 [7] NCCL INFO New proxy recv connection 8 from local rank 7, transport 0
cr6-p548xlarge-20:1896495:1897628 [7] NCCL INFO Connected to proxy localRank 7 -> connection 0x749f1c005300
cr6-p548xlarge-20:1896491:1897657 [3] NCCL INFO New proxy recv connection 3 from local rank 3, transport 0
cr6-p548xlarge-20:1896491:1897627 [3] NCCL INFO Connected to proxy localRank 3 -> connection 0x774e6c0050a8
cr6-p548xlarge-20:1896490:1897653 [2] NCCL INFO New proxy recv connection 8 from local rank 2, transport 0
cr6-p548xlarge-20:1896492:1897650 [4] NCCL INFO New proxy recv connection 8 from local rank 4, transport 0
cr6-p548xlarge-20:1896490:1897629 [2] NCCL INFO Connected to proxy localRank 2 -> connection 0x7ed528005300
cr6-p548xlarge-20:1896492:1897630 [4] NCCL INFO Connected to proxy localRank 4 -> connection 0x7e56ec005300
cr6-p548xlarge-20:1896489:1897654 [1] NCCL INFO New proxy recv connection 8 from local rank 1, transport 0
cr6-p548xlarge-20:1896489:1897631 [1] NCCL INFO Connected to proxy localRank 1 -> connection 0x7a9480005300
cr6-p548xlarge-20:1896494:1897648 [6] NCCL INFO New proxy recv connection 9 from local rank 6, transport 0
cr6-p548xlarge-20:1896494:1897633 [6] NCCL INFO Connected to proxy localRank 6 -> connection 0x7815f0005378
cr6-p548xlarge-20:1896488:1897659 [0] NCCL INFO New proxy recv connection 1 from local rank 0, transport 0
cr6-p548xlarge-20:1896488:1897626 [0] NCCL INFO Connected to proxy localRank 0 -> connection 0x725188014258
cr6-p548xlarge-20:1896495:1897647 [7] NCCL INFO New proxy recv connection 9 from local rank 7, transport 0
cr6-p548xlarge-20:1896495:1897628 [7] NCCL INFO Connected to proxy localRank 7 -> connection 0x749f1c005378
cr6-p548xlarge-20:1896491:1897657 [3] NCCL INFO New proxy recv connection 4 from local rank 3, transport 0
cr6-p548xlarge-20:1896491:1897627 [3] NCCL INFO Connected to proxy localRank 3 -> connection 0x774e6c005120
cr6-p548xlarge-20:1896490:1897653 [2] NCCL INFO New proxy recv connection 9 from local rank 2, transport 0
cr6-p548xlarge-20:1896492:1897650 [4] NCCL INFO New proxy recv connection 9 from local rank 4, transport 0
cr6-p548xlarge-20:1896490:1897629 [2] NCCL INFO Connected to proxy localRank 2 -> connection 0x7ed528005378
cr6-p548xlarge-20:1896492:1897630 [4] NCCL INFO Connected to proxy localRank 4 -> connection 0x7e56ec005378
cr6-p548xlarge-20:1896489:1897654 [1] NCCL INFO New proxy recv connection 9 from local rank 1, transport 0
cr6-p548xlarge-20:1896489:1897631 [1] NCCL INFO Connected to proxy localRank 1 -> connection 0x7a9480005378
cr6-p548xlarge-20:1896494:1897648 [6] NCCL INFO New proxy recv connection 10 from local rank 6, transport 0
cr6-p548xlarge-20:1896494:1897633 [6] NCCL INFO Connected to proxy localRank 6 -> connection 0x7815f00053f0
cr6-p548xlarge-20:1896493:1897661 [5] NCCL INFO New proxy recv connection 0 from local rank 5, transport 0
cr6-p548xlarge-20:1896493:1897632 [5] NCCL INFO Connected to proxy localRank 5 -> connection 0x7b9f7c004f40
cr6-p548xlarge-20:1896488:1897659 [0] NCCL INFO New proxy recv connection 2 from local rank 0, transport 0
cr6-p548xlarge-20:1896488:1897626 [0] NCCL INFO Connected to proxy localRank 0 -> connection 0x7251880142d0
cr6-p548xlarge-20:1896495:1897647 [7] NCCL INFO New proxy recv connection 10 from local rank 7, transport 0
cr6-p548xlarge-20:1896495:1897628 [7] NCCL INFO Connected to proxy localRank 7 -> connection 0x749f1c0053f0
cr6-p548xlarge-20:1896492:1897650 [4] NCCL INFO New proxy recv connection 10 from local rank 4, transport 0
cr6-p548xlarge-20:1896492:1897630 [4] NCCL INFO Connected to proxy localRank 4 -> connection 0x7e56ec0053f0
cr6-p548xlarge-20:1896491:1897657 [3] NCCL INFO New proxy recv connection 5 from local rank 3, transport 0
cr6-p548xlarge-20:1896491:1897627 [3] NCCL INFO Connected to proxy localRank 3 -> connection 0x774e6c005198
cr6-p548xlarge-20:1896490:1897653 [2] NCCL INFO New proxy recv connection 10 from local rank 2, transport 0
cr6-p548xlarge-20:1896490:1897629 [2] NCCL INFO Connected to proxy localRank 2 -> connection 0x7ed5280053f0
cr6-p548xlarge-20:1896489:1897654 [1] NCCL INFO New proxy recv connection 10 from local rank 1, transport 0
cr6-p548xlarge-20:1896489:1897631 [1] NCCL INFO Connected to proxy localRank 1 -> connection 0x7a94800053f0
cr6-p548xlarge-20:1896494:1897648 [6] NCCL INFO New proxy recv connection 11 from local rank 6, transport 0
cr6-p548xlarge-20:1896494:1897633 [6] NCCL INFO Connected to proxy localRank 6 -> connection 0x7815f0005468
cr6-p548xlarge-20:1896493:1897661 [5] NCCL INFO New proxy recv connection 1 from local rank 5, transport 0
cr6-p548xlarge-20:1896493:1897632 [5] NCCL INFO Connected to proxy localRank 5 -> connection 0x7b9f7c004fb8
cr6-p548xlarge-20:1896488:1897659 [0] NCCL INFO New proxy recv connection 3 from local rank 0, transport 0
cr6-p548xlarge-20:1896488:1897626 [0] NCCL INFO Connected to proxy localRank 0 -> connection 0x725188014348
cr6-p548xlarge-20:1896495:1897647 [7] NCCL INFO New proxy recv connection 11 from local rank 7, transport 0
cr6-p548xlarge-20:1896495:1897628 [7] NCCL INFO Connected to proxy localRank 7 -> connection 0x749f1c005468
cr6-p548xlarge-20:1896492:1897650 [4] NCCL INFO New proxy recv connection 11 from local rank 4, transport 0
cr6-p548xlarge-20:1896492:1897630 [4] NCCL INFO Connected to proxy localRank 4 -> connection 0x7e56ec005468
cr6-p548xlarge-20:1896491:1897657 [3] NCCL INFO New proxy recv connection 6 from local rank 3, transport 0
cr6-p548xlarge-20:1896491:1897627 [3] NCCL INFO Connected to proxy localRank 3 -> connection 0x774e6c005210
cr6-p548xlarge-20:1896490:1897653 [2] NCCL INFO New proxy recv connection 11 from local rank 2, transport 0
cr6-p548xlarge-20:1896490:1897629 [2] NCCL INFO Connected to proxy localRank 2 -> connection 0x7ed528005468
cr6-p548xlarge-20:1896489:1897654 [1] NCCL INFO New proxy recv connection 11 from local rank 1, transport 0
cr6-p548xlarge-20:1896494:1897648 [6] NCCL INFO New proxy recv connection 12 from local rank 6, transport 0
cr6-p548xlarge-20:1896489:1897631 [1] NCCL INFO Connected to proxy localRank 1 -> connection 0x7a9480005468
cr6-p548xlarge-20:1896494:1897633 [6] NCCL INFO Connected to proxy localRank 6 -> connection 0x7815f00054e0
cr6-p548xlarge-20:1896493:1897661 [5] NCCL INFO New proxy recv connection 2 from local rank 5, transport 0
cr6-p548xlarge-20:1896493:1897632 [5] NCCL INFO Connected to proxy localRank 5 -> connection 0x7b9f7c005030
cr6-p548xlarge-20:1896488:1897659 [0] NCCL INFO New proxy recv connection 4 from local rank 0, transport 0
cr6-p548xlarge-20:1896488:1897626 [0] NCCL INFO Connected to proxy localRank 0 -> connection 0x7251880143c0
cr6-p548xlarge-20:1896495:1897647 [7] NCCL INFO New proxy recv connection 12 from local rank 7, transport 0
cr6-p548xlarge-20:1896495:1897628 [7] NCCL INFO Connected to proxy localRank 7 -> connection 0x749f1c0054e0
cr6-p548xlarge-20:1896492:1897650 [4] NCCL INFO New proxy recv connection 12 from local rank 4, transport 0
cr6-p548xlarge-20:1896492:1897630 [4] NCCL INFO Connected to proxy localRank 4 -> connection 0x7e56ec0054e0
cr6-p548xlarge-20:1896491:1897657 [3] NCCL INFO New proxy recv connection 7 from local rank 3, transport 0
cr6-p548xlarge-20:1896491:1897627 [3] NCCL INFO Connected to proxy localRank 3 -> connection 0x774e6c005288
cr6-p548xlarge-20:1896490:1897653 [2] NCCL INFO New proxy recv connection 12 from local rank 2, transport 0
cr6-p548xlarge-20:1896490:1897629 [2] NCCL INFO Connected to proxy localRank 2 -> connection 0x7ed5280054e0
cr6-p548xlarge-20:1896489:1897654 [1] NCCL INFO New proxy recv connection 12 from local rank 1, transport 0
cr6-p548xlarge-20:1896489:1897631 [1] NCCL INFO Connected to proxy localRank 1 -> connection 0x7a94800054e0
cr6-p548xlarge-20:1896494:1897648 [6] NCCL INFO New proxy recv connection 13 from local rank 6, transport 0
cr6-p548xlarge-20:1896494:1897633 [6] NCCL INFO Connected to proxy localRank 6 -> connection 0x7815f0005558
cr6-p548xlarge-20:1896493:1897661 [5] NCCL INFO New proxy recv connection 3 from local rank 5, transport 0
cr6-p548xlarge-20:1896493:1897632 [5] NCCL INFO Connected to proxy localRank 5 -> connection 0x7b9f7c0050a8
cr6-p548xlarge-20:1896488:1897659 [0] NCCL INFO New proxy recv connection 5 from local rank 0, transport 0
cr6-p548xlarge-20:1896495:1897647 [7] NCCL INFO New proxy recv connection 13 from local rank 7, transport 0
cr6-p548xlarge-20:1896488:1897626 [0] NCCL INFO Connected to proxy localRank 0 -> connection 0x725188014438
cr6-p548xlarge-20:1896495:1897628 [7] NCCL INFO Connected to proxy localRank 7 -> connection 0x749f1c005558
cr6-p548xlarge-20:1896492:1897650 [4] NCCL INFO New proxy recv connection 13 from local rank 4, transport 0
cr6-p548xlarge-20:1896492:1897630 [4] NCCL INFO Connected to proxy localRank 4 -> connection 0x7e56ec005558
cr6-p548xlarge-20:1896491:1897657 [3] NCCL INFO New proxy recv connection 8 from local rank 3, transport 0
cr6-p548xlarge-20:1896491:1897627 [3] NCCL INFO Connected to proxy localRank 3 -> connection 0x774e6c005300
cr6-p548xlarge-20:1896490:1897653 [2] NCCL INFO New proxy recv connection 13 from local rank 2, transport 0
cr6-p548xlarge-20:1896489:1897654 [1] NCCL INFO New proxy recv connection 13 from local rank 1, transport 0
cr6-p548xlarge-20:1896490:1897629 [2] NCCL INFO Connected to proxy localRank 2 -> connection 0x7ed528005558
cr6-p548xlarge-20:1896489:1897631 [1] NCCL INFO Connected to proxy localRank 1 -> connection 0x7a9480005558
cr6-p548xlarge-20:1896494:1897648 [6] NCCL INFO New proxy recv connection 14 from local rank 6, transport 0
cr6-p548xlarge-20:1896494:1897633 [6] NCCL INFO Connected to proxy localRank 6 -> connection 0x7815f00055d0
cr6-p548xlarge-20:1896493:1897661 [5] NCCL INFO New proxy recv connection 4 from local rank 5, transport 0
cr6-p548xlarge-20:1896493:1897632 [5] NCCL INFO Connected to proxy localRank 5 -> connection 0x7b9f7c005120
cr6-p548xlarge-20:1896495:1897647 [7] NCCL INFO New proxy recv connection 14 from local rank 7, transport 0
cr6-p548xlarge-20:1896495:1897628 [7] NCCL INFO Connected to proxy localRank 7 -> connection 0x749f1c0055d0
cr6-p548xlarge-20:1896488:1897659 [0] NCCL INFO New proxy recv connection 6 from local rank 0, transport 0
cr6-p548xlarge-20:1896488:1897626 [0] NCCL INFO Connected to proxy localRank 0 -> connection 0x7251880144b0
cr6-p548xlarge-20:1896492:1897650 [4] NCCL INFO New proxy recv connection 14 from local rank 4, transport 0
cr6-p548xlarge-20:1896492:1897630 [4] NCCL INFO Connected to proxy localRank 4 -> connection 0x7e56ec0055d0
cr6-p548xlarge-20:1896491:1897657 [3] NCCL INFO New proxy recv connection 9 from local rank 3, transport 0
cr6-p548xlarge-20:1896491:1897627 [3] NCCL INFO Connected to proxy localRank 3 -> connection 0x774e6c005378
cr6-p548xlarge-20:1896489:1897654 [1] NCCL INFO New proxy recv connection 14 from local rank 1, transport 0
cr6-p548xlarge-20:1896489:1897631 [1] NCCL INFO Connected to proxy localRank 1 -> connection 0x7a94800055d0
cr6-p548xlarge-20:1896490:1897653 [2] NCCL INFO New proxy recv connection 14 from local rank 2, transport 0
cr6-p548xlarge-20:1896490:1897629 [2] NCCL INFO Connected to proxy localRank 2 -> connection 0x7ed5280055d0
cr6-p548xlarge-20:1896494:1897648 [6] NCCL INFO New proxy recv connection 15 from local rank 6, transport 0
cr6-p548xlarge-20:1896494:1897633 [6] NCCL INFO Connected to proxy localRank 6 -> connection 0x7815f0005648
cr6-p548xlarge-20:1896493:1897661 [5] NCCL INFO New proxy recv connection 5 from local rank 5, transport 0
cr6-p548xlarge-20:1896493:1897632 [5] NCCL INFO Connected to proxy localRank 5 -> connection 0x7b9f7c005198
cr6-p548xlarge-20:1896495:1897647 [7] NCCL INFO New proxy recv connection 15 from local rank 7, transport 0
cr6-p548xlarge-20:1896495:1897628 [7] NCCL INFO Connected to proxy localRank 7 -> connection 0x749f1c005648
cr6-p548xlarge-20:1896488:1897659 [0] NCCL INFO New proxy recv connection 7 from local rank 0, transport 0
cr6-p548xlarge-20:1896488:1897626 [0] NCCL INFO Connected to proxy localRank 0 -> connection 0x725188014528
cr6-p548xlarge-20:1896492:1897650 [4] NCCL INFO New proxy recv connection 15 from local rank 4, transport 0
cr6-p548xlarge-20:1896492:1897630 [4] NCCL INFO Connected to proxy localRank 4 -> connection 0x7e56ec005648
cr6-p548xlarge-20:1896491:1897657 [3] NCCL INFO New proxy recv connection 10 from local rank 3, transport 0
cr6-p548xlarge-20:1896491:1897627 [3] NCCL INFO Connected to proxy localRank 3 -> connection 0x774e6c0053f0
cr6-p548xlarge-20:1896489:1897654 [1] NCCL INFO New proxy recv connection 15 from local rank 1, transport 0
cr6-p548xlarge-20:1896489:1897631 [1] NCCL INFO Connected to proxy localRank 1 -> connection 0x7a9480005648
cr6-p548xlarge-20:1896490:1897653 [2] NCCL INFO New proxy recv connection 15 from local rank 2, transport 0
cr6-p548xlarge-20:1896490:1897629 [2] NCCL INFO Connected to proxy localRank 2 -> connection 0x7ed528005648
cr6-p548xlarge-20:1896494:1897648 [6] NCCL INFO New proxy recv connection 16 from local rank 6, transport 0
